
> vite_react_shadcn_ts@0.0.0 test
> vitest src/services/__tests__/UnifiedEnrollmentValidator.test.ts --run --reporter=verbose --no-coverage


[1m[46m RUN [49m[22m [36mv3.2.4 [39m[90mC:/Users/drrus/Downloads/app2[39m

Debug result: {
  "isValid": false,
  "status": "unenrolled",
  "confidence": 0,
  "sources": [],
  "primarySource": null,
  "conflicts": [],
  "metadata": {
    "userId": "user123",
    "courseId": "course456",
    "validationTime": "2025-10-07T08:52:06.936Z",
    "totalSources": 0,
    "sourcesWithData": 0,
    "highConfidenceSources": 0,
    "processingTimeMs": 0
  }
}
Debug localStorage data: {
  "enrollment-success-user123-course456": "{\"status\":\"approved\",\"courseId\":\"course456\",\"userEmail\":\"user123\",\"timestamp\":\"2025-10-07T08:52:06.936Z\"}"
}
Debug sources found: []
 [32mΓ£ô[39m src/services/__tests__/UnifiedEnrollmentValidator.test.ts[2m > [22mUnifiedEnrollmentValidator[2m > [22mBasic Validation[2m > [22mshould return unenrolled when no enrollment data exists[32m 9[2mms[22m[39m
 [32mΓ£ô[39m src/services/__tests__/UnifiedEnrollmentValidator.test.ts[2m > [22mUnifiedEnrollmentValidator[2m > [22mBasic Validation[2m > [22mshould detect enrollment from enrollment-success flag[32m 3[2mms[22m[39m
 [32mΓ£ô[39m src/services/__tests__/UnifiedEnrollmentValidator.test.ts[2m > [22mUnifiedEnrollmentValidator[2m > [22mBasic Validation[2m > [22mshould detect enrollment from user enrollments list[32m 1[2mms[22m[39m
 [32mΓ£ô[39m src/services/__tests__/UnifiedEnrollmentValidator.test.ts[2m > [22mUnifiedEnrollmentValidator[2m > [22mBasic Validation[2m > [22mshould detect pending enrollment correctly[32m 1[2mms[22m[39m
 [32mΓ£ô[39m src/services/__tests__/UnifiedEnrollmentValidator.test.ts[2m > [22mUnifiedEnrollmentValidator[2m > [22mMultiple Sources and Confidence Scoring[2m > [22mshould prioritize higher confidence sources[32m 1[2mms[22m[39m
 [32mΓ£ô[39m src/services/__tests__/UnifiedEnrollmentValidator.test.ts[2m > [22mUnifiedEnrollmentValidator[2m > [22mMultiple Sources and Confidence Scoring[2m > [22mshould handle multiple sources with same confidence[32m 2[2mms[22m[39m
 [32mΓ£ô[39m src/services/__tests__/UnifiedEnrollmentValidator.test.ts[2m > [22mUnifiedEnrollmentValidator[2m > [22mConflict Detection and Resolution[2m > [22mshould detect status conflicts between sources[32m 2[2mms[22m[39m
 [32mΓ£ô[39m src/services/__tests__/UnifiedEnrollmentValidator.test.ts[2m > [22mUnifiedEnrollmentValidator[2m > [22mConflict Detection and Resolution[2m > [22mshould handle user ID mismatches[32m 2[2mms[22m[39m
 [32mΓ£ô[39m src/services/__tests__/UnifiedEnrollmentValidator.test.ts[2m > [22mUnifiedEnrollmentValidator[2m > [22mData Normalization[2m > [22mshould normalize different status formats[32m 1[2mms[22m[39m
 [32mΓ£ô[39m src/services/__tests__/UnifiedEnrollmentValidator.test.ts[2m > [22mUnifiedEnrollmentValidator[2m > [22mData Normalization[2m > [22mshould handle missing optional fields gracefully[32m 1[2mms[22m[39m
 [32mΓ£ô[39m src/services/__tests__/UnifiedEnrollmentValidator.test.ts[2m > [22mUnifiedEnrollmentValidator[2m > [22mCaching[2m > [22mshould cache validation results[32m 2[2mms[22m[39m
 [32mΓ£ô[39m src/services/__tests__/UnifiedEnrollmentValidator.test.ts[2m > [22mUnifiedEnrollmentValidator[2m > [22mCaching[2m > [22mshould respect cache timeout[32m 1[2mms[22m[39m
 [32mΓ£ô[39m src/services/__tests__/UnifiedEnrollmentValidator.test.ts[2m > [22mUnifiedEnrollmentValidator[2m > [22mError Handling[2m > [22mshould handle corrupted localStorage data[32m 1[2mms[22m[39m
 [32mΓ£ô[39m src/services/__tests__/UnifiedEnrollmentValidator.test.ts[2m > [22mUnifiedEnrollmentValidator[2m > [22mError Handling[2m > [22mshould handle localStorage access errors[32m 1[2mms[22m[39m
 [32mΓ£ô[39m src/services/__tests__/UnifiedEnrollmentValidator.test.ts[2m > [22mUnifiedEnrollmentValidator[2m > [22mPerformance and Metadata[2m > [22mshould track processing time[32m 1[2mms[22m[39m
 [32mΓ£ô[39m src/services/__tests__/UnifiedEnrollmentValidator.test.ts[2m > [22mUnifiedEnrollmentValidator[2m > [22mConfidence Thresholds[2m > [22mshould respect minimum confidence threshold[32m 1[2mms[22m[39m
 [31m├ù[39m src/services/__tests__/UnifiedEnrollmentValidator.test.ts[2m > [22mUnifiedEnrollmentValidator[2m > [22mVarious Data Source Combinations[2m > [22mshould validate enrollment from multiple source types[32m 16[2mms[22m[39m
[31m   ΓåÆ expected false to be true // Object.is equality[39m
 [31m├ù[39m src/services/__tests__/UnifiedEnrollmentValidator.test.ts[2m > [22mUnifiedEnrollmentValidator[2m > [22mVarious Data Source Combinations[2m > [22mshould handle localStorage and sessionStorage sources[32m 2[2mms[22m[39m
[31m   ΓåÆ expected false to be true // Object.is equality[39m
 [31m├ù[39m src/services/__tests__/UnifiedEnrollmentValidator.test.ts[2m > [22mUnifiedEnrollmentValidator[2m > [22mVarious Data Source Combinations[2m > [22mshould find enrollment in array formats[32m 4[2mms[22m[39m
[31m   ΓåÆ expected false to be true // Object.is equality[39m
 [31m├ù[39m src/services/__tests__/UnifiedEnrollmentValidator.test.ts[2m > [22mUnifiedEnrollmentValidator[2m > [22mVarious Data Source Combinations[2m > [22mshould handle email-based user identification[32m 3[2mms[22m[39m
[31m   ΓåÆ expected false to be true // Object.is equality[39m
 [31m├ù[39m src/services/__tests__/UnifiedEnrollmentValidator.test.ts[2m > [22mUnifiedEnrollmentValidator[2m > [22mConfidence Scoring Algorithm Accuracy[2m > [22mshould assign higher confidence to recent enrollment data[32m 2[2mms[22m[39m
[31m   ΓåÆ expected false to be true // Object.is equality[39m
 [31m├ù[39m src/services/__tests__/UnifiedEnrollmentValidator.test.ts[2m > [22mUnifiedEnrollmentValidator[2m > [22mConfidence Scoring Algorithm Accuracy[2m > [22mshould assign lower confidence to old enrollment data[32m 1[2mms[22m[39m
[31m   ΓåÆ expected false to be true // Object.is equality[39m
 [31m├ù[39m src/services/__tests__/UnifiedEnrollmentValidator.test.ts[2m > [22mUnifiedEnrollmentValidator[2m > [22mConfidence Scoring Algorithm Accuracy[2m > [22mshould prioritize high-priority sources over low-priority ones[32m 1[2mms[22m[39m
[31m   ΓåÆ expected false to be true // Object.is equality[39m
 [31m├ù[39m src/services/__tests__/UnifiedEnrollmentValidator.test.ts[2m > [22mUnifiedEnrollmentValidator[2m > [22mConfidence Scoring Algorithm Accuracy[2m > [22mshould handle complete vs minimal enrollment data[32m 2[2mms[22m[39m
[31m   ΓåÆ expected false to be true // Object.is equality[39m
 [31m├ù[39m src/services/__tests__/UnifiedEnrollmentValidator.test.ts[2m > [22mUnifiedEnrollmentValidator[2m > [22mConfidence Scoring Algorithm Accuracy[2m > [22mshould validate user and course consistency[32m 2[2mms[22m[39m
[31m   ΓåÆ expected false to be true // Object.is equality[39m
 [31m├ù[39m src/services/__tests__/UnifiedEnrollmentValidator.test.ts[2m > [22mUnifiedEnrollmentValidator[2m > [22mConfidence Scoring Algorithm Accuracy[2m > [22mshould combine multiple confidence factors[32m 2[2mms[22m[39m
[31m   ΓåÆ expected false to be true // Object.is equality[39m
 [31m├ù[39m src/services/__tests__/UnifiedEnrollmentValidator.test.ts[2m > [22mUnifiedEnrollmentValidator[2m > [22mEdge Cases - Expired Enrollments and Conflicting Data[2m > [22mshould handle very old enrollment data[32m 3[2mms[22m[39m
[31m   ΓåÆ expected false to be true // Object.is equality[39m
 [31m├ù[39m src/services/__tests__/UnifiedEnrollmentValidator.test.ts[2m > [22mUnifiedEnrollmentValidator[2m > [22mEdge Cases - Expired Enrollments and Conflicting Data[2m > [22mshould handle conflicting enrollment statuses[32m 2[2mms[22m[39m
[31m   ΓåÆ expected false to be true // Object.is equality[39m
 [31m├ù[39m src/services/__tests__/UnifiedEnrollmentValidator.test.ts[2m > [22mUnifiedEnrollmentValidator[2m > [22mEdge Cases - Expired Enrollments and Conflicting Data[2m > [22mshould handle user ID mismatches by ignoring wrong user data[32m 2[2mms[22m[39m
[31m   ΓåÆ expected false to be true // Object.is equality[39m
 [32mΓ£ô[39m src/services/__tests__/UnifiedEnrollmentValidator.test.ts[2m > [22mUnifiedEnrollmentValidator[2m > [22mEdge Cases - Expired Enrollments and Conflicting Data[2m > [22mshould handle course ID mismatches[32m 1[2mms[22m[39m
 [31m├ù[39m src/services/__tests__/UnifiedEnrollmentValidator.test.ts[2m > [22mUnifiedEnrollmentValidator[2m > [22mEdge Cases - Expired Enrollments and Conflicting Data[2m > [22mshould handle corrupted enrollment data gracefully[32m 1[2mms[22m[39m
[31m   ΓåÆ expected false to be true // Object.is equality[39m
 [31m├ù[39m src/services/__tests__/UnifiedEnrollmentValidator.test.ts[2m > [22mUnifiedEnrollmentValidator[2m > [22mEdge Cases - Expired Enrollments and Conflicting Data[2m > [22mshould handle null and undefined enrollment data[32m 1[2mms[22m[39m
[31m   ΓåÆ expected false to be true // Object.is equality[39m
 [32mΓ£ô[39m src/services/__tests__/UnifiedEnrollmentValidator.test.ts[2m > [22mUnifiedEnrollmentValidator[2m > [22mEdge Cases - Expired Enrollments and Conflicting Data[2m > [22mshould handle empty arrays in enrollment lists[32m 1[2mms[22m[39m
 [31m├ù[39m src/services/__tests__/UnifiedEnrollmentValidator.test.ts[2m > [22mUnifiedEnrollmentValidator[2m > [22mEdge Cases - Expired Enrollments and Conflicting Data[2m > [22mshould handle mixed valid and invalid data in arrays[32m 1[2mms[22m[39m
[31m   ΓåÆ expected false to be true // Object.is equality[39m
node.exe : 
At line:1 char:1
+ & "C:\Program Files\nodejs/node.exe" "C:\Program Files\nodejs/node_mo ...
+ ~~~~~~~~~~~~~~~~~~~~~~~~~~~~~~~~~~~~~~~~~~~~~~~~~~~~~~~~~~~~~~~~~~~~~
    + CategoryInfo          : NotSpecified: (:String) [], RemoteException
    + FullyQualifiedErrorId : NativeCommandError
 
[31mΓÄ»ΓÄ»ΓÄ»ΓÄ»ΓÄ»ΓÄ»[39m[1m[41m Failed Tests 16 [49m[22m[31mΓÄ»ΓÄ»ΓÄ»ΓÄ»ΓÄ»ΓÄ»ΓÄ»[39m

[41m[1m FAIL [22m[49m src/services/__tests__/UnifiedEnrollmentValidator.test.ts[2m > 
[22mUnifiedEnrollmentValidator[2m > [22mVarious Data Source Combinations[2m > [22mshould validate enrollment 
from multiple source types
[31m[1mAssertionError[22m: expected false to be true // Object.is equality[39m

[32m- Expected[39m
[31m+ Received[39m

[32m- true[39m
[31m+ false[39m

[36m [2mΓ¥»[22m src/services/__tests__/UnifiedEnrollmentValidator.test.ts:[2m523:30[22m[39m
    [90m521| [39m      process.stdout.write('Debug sources found: ' + JSON.stringify(reΓÇª
    [90m522| [39m
    [90m523| [39m      
[34mexpect[39m(result[33m.[39misValid)[33m.[39m[34mtoBe[39m([35mtrue[39m)[33m;[39m
    [90m   | [39m                             [31m^[39m
    [90m524| [39m      
[34mexpect[39m(result[33m.[39mstatus)[33m.[39m[34mtoBe[39m([32m'enrolled'[39m)[33m;[39m
    [90m525| [39m      [34mexpect[39m(result[33m.[39msources[33m.[39mlength)[33m.[39m[34mtoBeGreaterTha
nOrEqual[39m([34m1[39m)[33m;[39m

[31m[2mΓÄ»ΓÄ»ΓÄ»ΓÄ»ΓÄ»ΓÄ»ΓÄ»ΓÄ»ΓÄ»ΓÄ»ΓÄ»ΓÄ»ΓÄ»ΓÄ»ΓÄ»ΓÄ»ΓÄ»ΓÄ»ΓÄ»ΓÄ»ΓÄ»ΓÄ»ΓÄ»[1/16]ΓÄ»[22m[39m

[41m[1m FAIL [22m[49m src/services/__tests__/UnifiedEnrollmentValidator.test.ts[2m > 
[22mUnifiedEnrollmentValidator[2m > [22mVarious Data Source Combinations[2m > [22mshould handle localStorage 
and sessionStorage sources
[31m[1mAssertionError[22m: expected false to be true // Object.is equality[39m

[32m- Expected[39m
[31m+ Received[39m

[32m- true[39m
[31m+ false[39m

[36m [2mΓ¥»[22m src/services/__tests__/UnifiedEnrollmentValidator.test.ts:[2m547:30[22m[39m
    [90m545| [39m      const result = await validator.validateEnrollment(testUserId, teΓÇª
    [90m546| [39m
    [90m547| [39m      
[34mexpect[39m(result[33m.[39misValid)[33m.[39m[34mtoBe[39m([35mtrue[39m)[33m;[39m
    [90m   | [39m                             [31m^[39m
    [90m548| [39m      
[34mexpect[39m(result[33m.[39mstatus)[33m.[39m[34mtoBe[39m([32m'enrolled'[39m)[33m;[39m
    [90m549| [39m      [34mexpect[39m(result[33m.[39msources[33m.[39mlength)[33m.[39m[34mtoBeGreaterTha
nOrEqual[39m([34m1[39m)[33m;[39m

[31m[2mΓÄ»ΓÄ»ΓÄ»ΓÄ»ΓÄ»ΓÄ»ΓÄ»ΓÄ»ΓÄ»ΓÄ»ΓÄ»ΓÄ»ΓÄ»ΓÄ»ΓÄ»ΓÄ»ΓÄ»ΓÄ»ΓÄ»ΓÄ»ΓÄ»ΓÄ»ΓÄ»[2/16]ΓÄ»[22m[39m

[41m[1m FAIL [22m[49m src/services/__tests__/UnifiedEnrollmentValidator.test.ts[2m > 
[22mUnifiedEnrollmentValidator[2m > [22mVarious Data Source Combinations[2m > [22mshould find enrollment in 
array formats
[31m[1mAssertionError[22m: expected false to be true // Object.is equality[39m

[32m- Expected[39m
[31m+ Received[39m

[32m- true[39m
[31m+ false[39m

[36m [2mΓ¥»[22m src/services/__tests__/UnifiedEnrollmentValidator.test.ts:[2m570:30[22m[39m
    [90m568| [39m      const result = await validator.validateEnrollment(testUserId, teΓÇª
    [90m569| [39m
    [90m570| [39m      
[34mexpect[39m(result[33m.[39misValid)[33m.[39m[34mtoBe[39m([35mtrue[39m)[33m;[39m
    [90m   | [39m                             [31m^[39m
    [90m571| [39m      
[34mexpect[39m(result[33m.[39mstatus)[33m.[39m[34mtoBe[39m([32m'enrolled'[39m)[33m;[39m
    [90m572| [39m      [34mexpect[39m(result[33m.[39mprimarySource[33m?.[39mname)[33m.[39m[34mtoBe[39m
([32m'user-enrollments-list'[39m)[33m;[39m

[31m[2mΓÄ»ΓÄ»ΓÄ»ΓÄ»ΓÄ»ΓÄ»ΓÄ»ΓÄ»ΓÄ»ΓÄ»ΓÄ»ΓÄ»ΓÄ»ΓÄ»ΓÄ»ΓÄ»ΓÄ»ΓÄ»ΓÄ»ΓÄ»ΓÄ»ΓÄ»ΓÄ»[3/16]ΓÄ»[22m[39m

[41m[1m FAIL [22m[49m src/services/__tests__/UnifiedEnrollmentValidator.test.ts[2m > 
[22mUnifiedEnrollmentValidator[2m > [22mVarious Data Source Combinations[2m > [22mshould handle email-based 
user identification
[31m[1mAssertionError[22m: expected false to be true // Object.is equality[39m

[32m- Expected[39m
[31m+ Received[39m

[32m- true[39m
[31m+ false[39m

[36m [2mΓ¥»[22m src/services/__tests__/UnifiedEnrollmentValidator.test.ts:[2m594:30[22m[39m
    [90m592| [39m      const result = await validator.validateEnrollment(emailUserId, tΓÇª
    [90m593| [39m
    [90m594| [39m      
[34mexpect[39m(result[33m.[39misValid)[33m.[39m[34mtoBe[39m([35mtrue[39m)[33m;[39m
    [90m   | [39m                             [31m^[39m
    [90m595| [39m      
[34mexpect[39m(result[33m.[39mstatus)[33m.[39m[34mtoBe[39m([32m'enrolled'[39m)[33m;[39m
    [90m596| [39m      [34mexpect[39m(result[33m.[39mprimarySource[33m?.[39mdata[33m?.[39muser_email)[3
3m.[39m[34mtoBe[39m(emailUserId)[33m;[39m

[31m[2mΓÄ»ΓÄ»ΓÄ»ΓÄ»ΓÄ»ΓÄ»ΓÄ»ΓÄ»ΓÄ»ΓÄ»ΓÄ»ΓÄ»ΓÄ»ΓÄ»ΓÄ»ΓÄ»ΓÄ»ΓÄ»ΓÄ»ΓÄ»ΓÄ»ΓÄ»ΓÄ»[4/16]ΓÄ»[22m[39m

[41m[1m FAIL [22m[49m src/services/__tests__/UnifiedEnrollmentValidator.test.ts[2m > 
[22mUnifiedEnrollmentValidator[2m > [22mConfidence Scoring Algorithm Accuracy[2m > [22mshould assign higher 
confidence to recent enrollment data
[31m[1mAssertionError[22m: expected false to be true // Object.is equality[39m

[32m- Expected[39m
[31m+ Received[39m

[32m- true[39m
[31m+ false[39m

[36m [2mΓ¥»[22m src/services/__tests__/UnifiedEnrollmentValidator.test.ts:[2m618:30[22m[39m
    [90m616| [39m      const result = await validator.validateEnrollment(testUserId, teΓÇª
    [90m617| [39m
    [90m618| [39m      
[34mexpect[39m(result[33m.[39misValid)[33m.[39m[34mtoBe[39m([35mtrue[39m)[33m;[39m
    [90m   | [39m                             [31m^[39m
    [90m619| [39m      
[34mexpect[39m(result[33m.[39mconfidence)[33m.[39m[34mtoBeGreaterThan[39m([34m0.5[39m)[33m;[39m
    [90m620| [39m      [34mexpect[39m(result[33m.[39mprimarySource[33m?.[39mconfidence)[33m.[39m[34mtoB
eGreaterThan[39m([34m0.5[39m)[33m;[39m

[31m[2mΓÄ»ΓÄ»ΓÄ»ΓÄ»ΓÄ»ΓÄ»ΓÄ»ΓÄ»ΓÄ»ΓÄ»ΓÄ»ΓÄ»ΓÄ»ΓÄ»ΓÄ»ΓÄ»ΓÄ»ΓÄ»ΓÄ»ΓÄ»ΓÄ»ΓÄ»ΓÄ»[5/16]ΓÄ»[22m[39m

[41m[1m FAIL [22m[49m src/services/__tests__/UnifiedEnrollmentValidator.test.ts[2m > 
[22mUnifiedEnrollmentValidator[2m > [22mConfidence Scoring Algorithm Accuracy[2m > [22mshould assign lower 
confidence to old enrollment data
[31m[1mAssertionError[22m: expected false to be true // Object.is equality[39m

[32m- Expected[39m
[31m+ Received[39m

[32m- true[39m
[31m+ false[39m

[36m [2mΓ¥»[22m src/services/__tests__/UnifiedEnrollmentValidator.test.ts:[2m642:30[22m[39m
    [90m640| [39m      const result = await validator.validateEnrollment(testUserId, teΓÇª
    [90m641| [39m
    [90m642| [39m      
[34mexpect[39m(result[33m.[39misValid)[33m.[39m[34mtoBe[39m([35mtrue[39m)[33m;[39m
    [90m   | [39m                             [31m^[39m
    [90m643| [39m      expect(result.confidence).toBeLessThan(0.9); // Should have loweΓÇª
    [90m644| [39m    })[33m;[39m

[31m[2mΓÄ»ΓÄ»ΓÄ»ΓÄ»ΓÄ»ΓÄ»ΓÄ»ΓÄ»ΓÄ»ΓÄ»ΓÄ»ΓÄ»ΓÄ»ΓÄ»ΓÄ»ΓÄ»ΓÄ»ΓÄ»ΓÄ»ΓÄ»ΓÄ»ΓÄ»ΓÄ»[6/16]ΓÄ»[22m[39m

[41m[1m FAIL [22m[49m src/services/__tests__/UnifiedEnrollmentValidator.test.ts[2m > 
[22mUnifiedEnrollmentValidator[2m > [22mConfidence Scoring Algorithm Accuracy[2m > [22mshould prioritize 
high-priority sources over low-priority ones
[31m[1mAssertionError[22m: expected false to be true // Object.is equality[39m

[32m- Expected[39m
[31m+ Received[39m

[32m- true[39m
[31m+ false[39m

[36m [2mΓ¥»[22m src/services/__tests__/UnifiedEnrollmentValidator.test.ts:[2m661:30[22m[39m
    [90m659| [39m      const result = await validator.validateEnrollment(testUserId, teΓÇª
    [90m660| [39m
    [90m661| [39m      
[34mexpect[39m(result[33m.[39misValid)[33m.[39m[34mtoBe[39m([35mtrue[39m)[33m;[39m
    [90m   | [39m                             [31m^[39m
    [90m662| [39m      expect(result.primarySource?.name).toBe('enrollment-success-flagΓÇª
    [90m663| [39m      
[34mexpect[39m(result[33m.[39mconfidence)[33m.[39m[34mtoBeGreaterThan[39m([34m0.8[39m)[33m;[39m

[31m[2mΓÄ»ΓÄ»ΓÄ»ΓÄ»ΓÄ»ΓÄ»ΓÄ»ΓÄ»ΓÄ»ΓÄ»ΓÄ»ΓÄ»ΓÄ»ΓÄ»ΓÄ»ΓÄ»ΓÄ»ΓÄ»ΓÄ»ΓÄ»ΓÄ»ΓÄ»ΓÄ»[7/16]ΓÄ»[22m[39m

[41m[1m FAIL [22m[49m src/services/__tests__/UnifiedEnrollmentValidator.test.ts[2m > 
[22mUnifiedEnrollmentValidator[2m > [22mConfidence Scoring Algorithm Accuracy[2m > [22mshould handle 
complete vs minimal enrollment data
[31m[1mAssertionError[22m: expected false to be true // Object.is equality[39m

[32m- Expected[39m
[31m+ Received[39m

[32m- true[39m
[31m+ false[39m

[36m [2mΓ¥»[22m src/services/__tests__/UnifiedEnrollmentValidator.test.ts:[2m685:30[22m[39m
    [90m683| [39m      const result = await validator.validateEnrollment(testUserId, teΓÇª
    [90m684| [39m
    [90m685| [39m      
[34mexpect[39m(result[33m.[39misValid)[33m.[39m[34mtoBe[39m([35mtrue[39m)[33m;[39m
    [90m   | [39m                             [31m^[39m
    [90m686| [39m      [34mexpect[39m(result[33m.[39mprimarySource[33m?.[39mconfidence)[33m.[39m[34mtoB
eGreaterThan[39m([34m0.5[39m)[33m;[39m
    [90m687| [39m    })[33m;[39m

[31m[2mΓÄ»ΓÄ»ΓÄ»ΓÄ»ΓÄ»ΓÄ»ΓÄ»ΓÄ»ΓÄ»ΓÄ»ΓÄ»ΓÄ»ΓÄ»ΓÄ»ΓÄ»ΓÄ»ΓÄ»ΓÄ»ΓÄ»ΓÄ»ΓÄ»ΓÄ»ΓÄ»[8/16]ΓÄ»[22m[39m

[41m[1m FAIL [22m[49m src/services/__tests__/UnifiedEnrollmentValidator.test.ts[2m > 
[22mUnifiedEnrollmentValidator[2m > [22mConfidence Scoring Algorithm Accuracy[2m > [22mshould validate user 
and course consistency
[31m[1mAssertionError[22m: expected false to be true // Object.is equality[39m

[32m- Expected[39m
[31m+ Received[39m

[32m- true[39m
[31m+ false[39m

[36m [2mΓ¥»[22m src/services/__tests__/UnifiedEnrollmentValidator.test.ts:[2m706:30[22m[39m
    [90m704| [39m      const result = await validator.validateEnrollment(testUserId, teΓÇª
    [90m705| [39m
    [90m706| [39m      
[34mexpect[39m(result[33m.[39misValid)[33m.[39m[34mtoBe[39m([35mtrue[39m)[33m;[39m
    [90m   | [39m                             [31m^[39m
    [90m707| [39m      [34mexpect[39m(result[33m.[39mprimarySource[33m?.[39mconfidence)[33m.[39m[34mtoB
eGreaterThan[39m([34m0.5[39m)[33m;[39m
    [90m708| [39m    })[33m;[39m

[31m[2mΓÄ»ΓÄ»ΓÄ»ΓÄ»ΓÄ»ΓÄ»ΓÄ»ΓÄ»ΓÄ»ΓÄ»ΓÄ»ΓÄ»ΓÄ»ΓÄ»ΓÄ»ΓÄ»ΓÄ»ΓÄ»ΓÄ»ΓÄ»ΓÄ»ΓÄ»ΓÄ»[9/16]ΓÄ»[22m[39m

[41m[1m FAIL [22m[49m src/services/__tests__/UnifiedEnrollmentValidator.test.ts[2m > 
[22mUnifiedEnrollmentValidator[2m > [22mConfidence Scoring Algorithm Accuracy[2m > [22mshould combine 
multiple confidence factors
[31m[1mAssertionError[22m: expected false to be true // Object.is equality[39m

[32m- Expected[39m
[31m+ Received[39m

[32m- true[39m
[31m+ false[39m

[36m [2mΓ¥»[22m src/services/__tests__/UnifiedEnrollmentValidator.test.ts:[2m726:30[22m[39m
    [90m724| [39m      const result = await validator.validateEnrollment(testUserId, teΓÇª
    [90m725| [39m
    [90m726| [39m      
[34mexpect[39m(result[33m.[39misValid)[33m.[39m[34mtoBe[39m([35mtrue[39m)[33m;[39m
    [90m   | [39m                             [31m^[39m
    [90m727| [39m      expect(result.primarySource?.name).toBe('enrollment-success-flagΓÇª
    [90m728| [39m      
[34mexpect[39m(result[33m.[39mconfidence)[33m.[39m[34mtoBeGreaterThan[39m([34m0.8[39m)[33m;[39m

[31m[2mΓÄ»ΓÄ»ΓÄ»ΓÄ»ΓÄ»ΓÄ»ΓÄ»ΓÄ»ΓÄ»ΓÄ»ΓÄ»ΓÄ»ΓÄ»ΓÄ»ΓÄ»ΓÄ»ΓÄ»ΓÄ»ΓÄ»ΓÄ»ΓÄ»ΓÄ»[10/16]ΓÄ»[22m[39m

[41m[1m FAIL [22m[49m src/services/__tests__/UnifiedEnrollmentValidator.test.ts[2m > 
[22mUnifiedEnrollmentValidator[2m > [22mEdge Cases - Expired Enrollments and Conflicting Data[2m > 
[22mshould handle very old enrollment data
[31m[1mAssertionError[22m: expected false to be true // Object.is equality[39m

[32m- Expected[39m
[31m+ Received[39m

[32m- true[39m
[31m+ false[39m

[36m [2mΓ¥»[22m src/services/__tests__/UnifiedEnrollmentValidator.test.ts:[2m753:30[22m[39m
    [90m751| [39m
    [90m752| [39m      // Should still detect enrollment but with lower confidence due ΓÇª
    [90m753| [39m      
[34mexpect[39m(result[33m.[39misValid)[33m.[39m[34mtoBe[39m([35mtrue[39m)[33m;[39m
    [90m   | [39m                             [31m^[39m
    [90m754| [39m      
[34mexpect[39m(result[33m.[39mstatus)[33m.[39m[34mtoBe[39m([32m'enrolled'[39m)[33m;[39m
    [90m755| [39m      expect(result.confidence).toBeLessThan(0.8); // Lower confidenceΓÇª

[31m[2mΓÄ»ΓÄ»ΓÄ»ΓÄ»ΓÄ»ΓÄ»ΓÄ»ΓÄ»ΓÄ»ΓÄ»ΓÄ»ΓÄ»ΓÄ»ΓÄ»ΓÄ»ΓÄ»ΓÄ»ΓÄ»ΓÄ»ΓÄ»ΓÄ»ΓÄ»[11/16]ΓÄ»[22m[39m

[2m Test Files [22m [1m[31m1 failed[39m[22m[90m (1)[39m
[2m      Tests [22m [1m[31m16 failed[39m[22m[2m | [22m[1m[32m18 passed[39m[22m[90m (34)[39m
[2m   Start at [22m 10:52:01
[2m   Duration [22m 5.82s[2m (transform 305ms, setup 329ms, collect 230ms, tests 80ms, environment 2.73s, prepare 499ms)[22m


[41m[1m FAIL [22m[49m src/services/__tests__/UnifiedEnrollmentValidator.test.ts[2m > 
[22mUnifiedEnrollmentValidator[2m > [22mEdge Cases - Expired Enrollments and Conflicting Data[2m > 
[22mshould handle conflicting enrollment statuses
[31m[1mAssertionError[22m: expected false to be true // Object.is equality[39m

[32m- Expected[39m
[31m+ Received[39m

[32m- true[39m
[31m+ false[39m

[36m [2mΓ¥»[22m src/services/__tests__/UnifiedEnrollmentValidator.test.ts:[2m775:30[22m[39m
    [90m773| [39m      const result = await validator.validateEnrollment(testUserId, teΓÇª
    [90m774| [39m
    [90m775| [39m      
[34mexpect[39m(result[33m.[39misValid)[33m.[39m[34mtoBe[39m([35mtrue[39m)[33m;[39m
    [90m   | [39m                             [31m^[39m
    [90m776| [39m      expect(result.status).toBe('enrolled'); // Should resolve to appΓÇª
    [90m777| [39m      [34mexpect[39m(result[33m.[39msources[33m.[39mlength)[33m.[39m[34mtoBeGreaterTha
nOrEqual[39m([34m1[39m)[33m;[39m

[31m[2mΓÄ»ΓÄ»ΓÄ»ΓÄ»ΓÄ»ΓÄ»ΓÄ»ΓÄ»ΓÄ»ΓÄ»ΓÄ»ΓÄ»ΓÄ»ΓÄ»ΓÄ»ΓÄ»ΓÄ»ΓÄ»ΓÄ»ΓÄ»ΓÄ»ΓÄ»[12/16]ΓÄ»[22m[39m

[41m[1m FAIL [22m[49m src/services/__tests__/UnifiedEnrollmentValidator.test.ts[2m > 
[22mUnifiedEnrollmentValidator[2m > [22mEdge Cases - Expired Enrollments and Conflicting Data[2m > 
[22mshould handle user ID mismatches by ignoring wrong user data
[31m[1mAssertionError[22m: expected false to be true // Object.is equality[39m

[32m- Expected[39m
[31m+ Received[39m

[32m- true[39m
[31m+ false[39m

[36m [2mΓ¥»[22m src/services/__tests__/UnifiedEnrollmentValidator.test.ts:[2m812:30[22m[39m
    [90m810| [39m
    [90m811| [39m      [90m// Should only find the correct user enrollment[39m
    [90m812| [39m      
[34mexpect[39m(result[33m.[39misValid)[33m.[39m[34mtoBe[39m([35mtrue[39m)[33m;[39m
    [90m   | [39m                             [31m^[39m
    [90m813| [39m      
[34mexpect[39m(result[33m.[39mstatus)[33m.[39m[34mtoBe[39m([32m'pending'[39m)[33m;[39m
    [90m814| [39m      [34mexpect[39m(result[33m.[39msources[33m.[39mlength)[33m.[39m[34mtoBeGreaterTha
nOrEqual[39m([34m1[39m)[33m;[39m

[31m[2mΓÄ»ΓÄ»ΓÄ»ΓÄ»ΓÄ»ΓÄ»ΓÄ»ΓÄ»ΓÄ»ΓÄ»ΓÄ»ΓÄ»ΓÄ»ΓÄ»ΓÄ»ΓÄ»ΓÄ»ΓÄ»ΓÄ»ΓÄ»ΓÄ»ΓÄ»[13/16]ΓÄ»[22m[39m

[41m[1m FAIL [22m[49m src/services/__tests__/UnifiedEnrollmentValidator.test.ts[2m > 
[22mUnifiedEnrollmentValidator[2m > [22mEdge Cases - Expired Enrollments and Conflicting Data[2m > 
[22mshould handle corrupted enrollment data gracefully
[31m[1mAssertionError[22m: expected false to be true // Object.is equality[39m

[32m- Expected[39m
[31m+ Received[39m

[32m- true[39m
[31m+ false[39m

[36m [2mΓ¥»[22m src/services/__tests__/UnifiedEnrollmentValidator.test.ts:[2m861:30[22m[39m
    [90m859| [39m
    [90m860| [39m      [90m// Should still work with valid data, ignoring corrupted source[39m
    [90m861| [39m      
[34mexpect[39m(result[33m.[39misValid)[33m.[39m[34mtoBe[39m([35mtrue[39m)[33m;[39m
    [90m   | [39m                             [31m^[39m
    [90m862| [39m      
[34mexpect[39m(result[33m.[39mstatus)[33m.[39m[34mtoBe[39m([32m'enrolled'[39m)[33m;[39m
    [90m863| [39m      expect(result.sources.length).toBeGreaterThanOrEqual(1); // At lΓÇª

[31m[2mΓÄ»ΓÄ»ΓÄ»ΓÄ»ΓÄ»ΓÄ»ΓÄ»ΓÄ»ΓÄ»ΓÄ»ΓÄ»ΓÄ»ΓÄ»ΓÄ»ΓÄ»ΓÄ»ΓÄ»ΓÄ»ΓÄ»ΓÄ»ΓÄ»ΓÄ»[14/16]ΓÄ»[22m[39m

[41m[1m FAIL [22m[49m src/services/__tests__/UnifiedEnrollmentValidator.test.ts[2m > 
[22mUnifiedEnrollmentValidator[2m > [22mEdge Cases - Expired Enrollments and Conflicting Data[2m > 
[22mshould handle null and undefined enrollment data
[31m[1mAssertionError[22m: expected false to be true // Object.is equality[39m

[32m- Expected[39m
[31m+ Received[39m

[32m- true[39m
[31m+ false[39m

[36m [2mΓ¥»[22m src/services/__tests__/UnifiedEnrollmentValidator.test.ts:[2m889:30[22m[39m
    [90m887| [39m      const result = await validator.validateEnrollment(testUserId, teΓÇª
    [90m888| [39m
    [90m889| [39m      
[34mexpect[39m(result[33m.[39misValid)[33m.[39m[34mtoBe[39m([35mtrue[39m)[33m;[39m
    [90m   | [39m                             [31m^[39m
    [90m890| [39m      
[34mexpect[39m(result[33m.[39mstatus)[33m.[39m[34mtoBe[39m([32m'enrolled'[39m)[33m;[39m
    [90m891| [39m      expect(result.sources.length).toBeGreaterThanOrEqual(1); // At lΓÇª

[31m[2mΓÄ»ΓÄ»ΓÄ»ΓÄ»ΓÄ»ΓÄ»ΓÄ»ΓÄ»ΓÄ»ΓÄ»ΓÄ»ΓÄ»ΓÄ»ΓÄ»ΓÄ»ΓÄ»ΓÄ»ΓÄ»ΓÄ»ΓÄ»ΓÄ»ΓÄ»[15/16]ΓÄ»[22m[39m

[41m[1m FAIL [22m[49m src/services/__tests__/UnifiedEnrollmentValidator.test.ts[2m > 
[22mUnifiedEnrollmentValidator[2m > [22mEdge Cases - Expired Enrollments and Conflicting Data[2m > 
[22mshould handle mixed valid and invalid data in arrays
[31m[1mAssertionError[22m: expected false to be true // Object.is equality[39m

[32m- Expected[39m
[31m+ Received[39m

[32m- true[39m
[31m+ false[39m

[36m [2mΓ¥»[22m src/services/__tests__/UnifiedEnrollmentValidator.test.ts:[2m949:30[22m[39m
    [90m947| [39m      const result = await validator.validateEnrollment(testUserId, teΓÇª
    [90m948| [39m
    [90m949| [39m      
[34mexpect[39m(result[33m.[39misValid)[33m.[39m[34mtoBe[39m([35mtrue[39m)[33m;[39m
    [90m   | [39m                             [31m^[39m
    [90m950| [39m      
[34mexpect[39m(result[33m.[39mstatus)[33m.[39m[34mtoBe[39m([32m'enrolled'[39m)[33m;[39m
    [90m951| [39m      expect(result.sources.length).toBeGreaterThanOrEqual(1); // At lΓÇª

[31m[2mΓÄ»ΓÄ»ΓÄ»ΓÄ»ΓÄ»ΓÄ»ΓÄ»ΓÄ»ΓÄ»ΓÄ»ΓÄ»ΓÄ»ΓÄ»ΓÄ»ΓÄ»ΓÄ»ΓÄ»ΓÄ»ΓÄ»ΓÄ»ΓÄ»ΓÄ»[16/16]ΓÄ»[22m[39m

